✔ context behavior: all original 23 cases, expected and fixed inputs retain their frozen hashes (0.5619ms)
✔ context behavior scripted: identical query branches on actual finished feedback (5.0673ms)
✔ context behavior scripted: identical query branches on actual processing feedback (2.3511ms)
✔ context behavior scripted: identical query branches on actual parameter_error feedback (1.3646ms)
✔ context behavior scripted: one direction and known facts can be delivered as text without creating media (44.7076ms)
✔ context behavior scripted: local edit retains the exact source image and creates a parent version after approval (28.9237ms)
✔ context behavior scripted: second direction consumes stored original text and product image without regenerating directions (24.052ms)
✔ context behavior scripted: observation receives actual image identity plus material and unknown status (28.0404ms)
✔ context behavior scripted: across unrelated topics and a bounded model view the original version remains retrievable (24.5855ms)
✔ context behavior scripted: grouped independent reads return both call IDs for order a,b (18.5744ms)
✔ context behavior scripted: grouped independent reads return both call IDs for order b,a (19.4499ms)
✔ context behavior scripted: actual wire rejection is visible and model can correct arguments without replacing the user request (20.8925ms)
✔ context behavior scripted: original EDIT_001 driver preserves all queries and exposes real approval receipt before submitting (26.4124ms)
✔ context loop: normal answer is one call with no understanding, planner or final composer (4.4097ms)
✔ context loop: independent calls return paired results before dependent next call (3.0116ms)
✔ context loop: malformed arguments and actionable tool errors return to same model (1.0895ms)
✔ context loop: truncated message never becomes successful delivery (1.7177ms)
✔ context loop: total step and tool budgets cannot be bypassed by endless calls (1.1443ms)
✔ context loop: cancellation closes tool protocol without starting further side effects (0.5265ms)
✔ context loop: durable request replay after restart does not call model or tools again (48.2588ms)
✔ context loop: interrupted calls remain inspectable and are never automatically executed (0.8583ms)
✔ context recovery: provider receipt survives crash between submission and tool-result recording (0.5809ms)
✔ context model budget: visual observation shares the same total model budget and exact trace (45.0077ms)
✔ context loop: actual provider adapter wire preserves native call/result feedback (mock HTTP) (3.8395ms)
✔ context entry: separate HTTP serves UI and uses only context sessions; CSRF and model opt-in enforced (108.3493ms)
✔ context entry: actual HTTP roundtrip streams model response into durable new history (107.673ms)
✔ context HTTP approval: displayed group authorizes exactly two calls; replay cannot duplicate submissions (214.6313ms)
✔ context architecture: new execution modules never import old business engine (4.5185ms)
✔ independent reads execute in order once and expose complete paired results (46.8257ms)
✔ read then prewritten edit waits for Agent feedback; original remains intact (25.5271ms)
✔ independent image and video preparation preserves approval gates without submitting (24.1129ms)
✔ JSON failure stops subsequent calls with paired feedback (18.8292ms)
✔ Schema failure stops subsequent calls with paired feedback (18.4671ms)
✔ missing-source failure stops subsequent calls with paired feedback (17.7749ms)
✔ unknown-tool failure stops subsequent calls with paired feedback (19.9507ms)
✔ two writes execute only first; further mutation waits for actual result (17.3459ms)
✔ cancel during first read closes remaining call IDs without executing them (0.7898ms)
✔ baseline proposal presentation is recovered only from its matched real tool result (46.0736ms)
✔ T01/T02 first failure preserves feedback and defers remaining calls without side effects (4.6076ms)
✔ T01 outcome projection preserves receipt, critical error, source and simulation under truncation (0.164ms)
✔ T05/T06/T07 automatic pre-trim summary is bounded, persisted and retains exact early originals after restart (133.6834ms)
✔ T05 short conversation and reserved model quota never pay for summary (42.0661ms)
✔ T08 summary invalid_reference preserves all originals and does not advance coverage (20.5269ms)
✔ T08 summary timeout preserves all originals and does not advance coverage (19.5723ms)
✔ T08 summary oversize preserves all originals and does not advance coverage (19.5906ms)
✔ T08 summary save preserves all originals and does not advance coverage (18.8483ms)
✔ T09 stable early cursor and total neighbor budget keep exact original accessible (12.301ms)
✔ T11 current-user confirmation is IDs-only; forged authority and old-message source cannot approve (18.746ms)
✔ T11 negative/quoted/conditional/ambiguous confirmations permit clarification without side effects (scripted) (74.2427ms)
✔ T12 frozen proposals reject changed source version, provider model and superseded old selection (29.285ms)
✔ T13/T14 batch failed stops unsubmitted members and repeated channels do not resubmit (47.2451ms)
✔ T13/T14 batch unknown stops unsubmitted members and repeated channels do not resubmit (45.5646ms)
✔ T13/T14 batch cancelled stops unsubmitted members and repeated channels do not resubmit (43.929ms)
✔ T13/T14 batch budget stops unsubmitted members and repeated channels do not resubmit (42.2037ms)
✔ T15/T16/T18 related hints do not consume materials; explicit comparison and frozen product image reach actual mock requests (20.415ms)
✔ T10/T19 button submits before any Agent call; reply failure still exposes durable assets and observations (162.8112ms)
✔ T20 same budget meters summary, vision and main model; provider call policy only uses declared capability (21.7951ms)
✔ T05/T08 summaries preserve interleaved tool groups and respect one summary quota across the whole turn (19.4104ms)
✔ T17 all active methods retain substantive professional concepts, examples and license references (43.0001ms)
ℹ tests 59
ℹ suites 0
ℹ pass 59
ℹ fail 0
ℹ cancelled 0
ℹ skipped 0
ℹ todo 0
ℹ duration_ms 1042.1096
