{"case":"01-dep-casual","call":1,"totalCalls":1,"time":"2026-09-16T07:47:30.962Z"}
{"case":"02-dep-formal","call":1,"totalCalls":2,"time":"2026-09-16T07:47:30.975Z"}
{"case":"02-dep-formal","call":2,"totalCalls":3,"time":"2026-09-16T07:47:33.390Z"}
{"case":"01-dep-casual","call":2,"totalCalls":4,"time":"2026-09-16T07:47:33.985Z"}
{"case":"01-dep-casual","call":3,"totalCalls":5,"time":"2026-09-16T07:47:34.844Z"}
{"case":"01-dep-casual","done":true,"status":"failed","calls":3,"artifacts":0,"mediaAttempts":0,"reason":[]}
{"case":"03-dep-first","call":1,"totalCalls":6,"time":"2026-09-16T07:47:35.709Z"}
{"case":"02-dep-formal","call":3,"totalCalls":7,"time":"2026-09-16T07:47:37.595Z"}
{"case":"03-dep-first","call":2,"totalCalls":8,"time":"2026-09-16T07:47:37.918Z"}
{"case":"02-dep-formal","done":true,"status":"completed","calls":3,"artifacts":2,"mediaAttempts":0,"reason":[null]}
{"case":"04-dep-shots","call":1,"totalCalls":9,"time":"2026-09-16T07:47:39.083Z"}
{"case":"04-dep-shots","call":2,"totalCalls":10,"time":"2026-09-16T07:47:42.274Z"}
{"case":"03-dep-first","call":3,"totalCalls":11,"time":"2026-09-16T07:47:42.832Z"}
{"case":"03-dep-first","done":true,"status":"completed","calls":3,"artifacts":2,"mediaAttempts":0,"reason":[null]}
{"case":"05-ordered-formal","call":1,"totalCalls":12,"time":"2026-09-16T07:47:44.813Z"}
{"case":"04-dep-shots","call":3,"totalCalls":13,"time":"2026-09-16T07:47:44.905Z"}
{"case":"05-ordered-formal","call":2,"totalCalls":14,"time":"2026-09-16T07:47:47.332Z"}
{"case":"04-dep-shots","done":true,"status":"completed","calls":3,"artifacts":2,"mediaAttempts":0,"reason":[null]}
{"case":"06-ordered-casual","call":1,"totalCalls":15,"time":"2026-09-16T07:47:49.971Z"}
{"case":"06-ordered-casual","call":2,"totalCalls":16,"time":"2026-09-16T07:47:53.392Z"}
{"case":"05-ordered-formal","call":3,"totalCalls":17,"time":"2026-09-16T07:47:54.459Z"}
{"case":"06-ordered-casual","call":3,"totalCalls":18,"time":"2026-09-16T07:47:56.675Z"}
{"case":"05-ordered-formal","done":true,"status":"completed","calls":3,"artifacts":2,"mediaAttempts":0,"reason":[null]}
{"case":"07-parallel-formal","call":1,"totalCalls":19,"time":"2026-09-16T07:47:56.913Z"}
{"case":"06-ordered-casual","done":true,"status":"completed","calls":3,"artifacts":2,"mediaAttempts":0,"reason":[null]}
{"case":"08-parallel-casual","call":1,"totalCalls":20,"time":"2026-09-16T07:47:58.720Z"}
{"case":"07-parallel-formal","call":2,"totalCalls":21,"time":"2026-09-16T07:47:59.287Z"}
{"case":"07-parallel-formal","call":3,"totalCalls":22,"time":"2026-09-16T07:48:00.035Z"}
{"case":"08-parallel-casual","call":2,"totalCalls":23,"time":"2026-09-16T07:48:00.911Z"}
{"case":"07-parallel-formal","done":true,"status":"completed","calls":3,"artifacts":2,"mediaAttempts":0,"reason":[null]}
{"case":"09-skill-formal","call":1,"totalCalls":24,"time":"2026-09-16T07:48:01.997Z"}
{"case":"08-parallel-casual","call":3,"totalCalls":25,"time":"2026-09-16T07:48:02.032Z"}
{"case":"09-skill-formal","call":2,"totalCalls":26,"time":"2026-09-16T07:48:04.239Z"}
{"case":"08-parallel-casual","done":true,"status":"completed","calls":3,"artifacts":2,"mediaAttempts":0,"reason":[null]}
{"case":"10-skill-casual","call":1,"totalCalls":27,"time":"2026-09-16T07:48:05.115Z"}
{"case":"10-skill-casual","call":2,"totalCalls":28,"time":"2026-09-16T07:48:07.372Z"}
{"case":"09-skill-formal","done":true,"status":"completed","calls":2,"artifacts":1,"mediaAttempts":0,"reason":[null]}
{"case":"11-text-casual","call":1,"totalCalls":29,"time":"2026-09-16T07:48:08.689Z"}
{"case":"11-text-casual","call":2,"totalCalls":30,"time":"2026-09-16T07:48:10.837Z"}
{"case":"11-text-casual","done":true,"status":"completed","calls":2,"artifacts":1,"mediaAttempts":0,"reason":[null]}
{"case":"12-text-terse","call":1,"totalCalls":31,"time":"2026-09-16T07:48:11.980Z"}
{"case":"10-skill-casual","done":true,"status":"completed","calls":2,"artifacts":1,"mediaAttempts":0,"reason":[null]}
{"case":"13-script-casual","call":1,"totalCalls":32,"time":"2026-09-16T07:48:13.182Z"}
{"case":"12-text-terse","call":2,"totalCalls":33,"time":"2026-09-16T07:48:13.802Z"}
{"case":"12-text-terse","done":true,"status":"completed","calls":2,"artifacts":1,"mediaAttempts":0,"reason":[null]}
{"case":"14-script-formal","call":1,"totalCalls":34,"time":"2026-09-16T07:48:14.968Z"}
{"case":"13-script-casual","call":2,"totalCalls":35,"time":"2026-09-16T07:48:15.467Z"}
{"case":"14-script-formal","call":2,"totalCalls":36,"time":"2026-09-16T07:48:17.155Z"}
{"case":"13-script-casual","done":true,"status":"completed","calls":2,"artifacts":1,"mediaAttempts":0,"reason":[null]}
{"case":"15-image-casual","call":1,"totalCalls":37,"time":"2026-09-16T07:48:18.922Z"}
{"case":"14-script-formal","done":true,"status":"completed","calls":2,"artifacts":1,"mediaAttempts":0,"reason":[null]}
{"case":"16-image-formal","call":1,"totalCalls":38,"time":"2026-09-16T07:48:20.682Z"}
{"case":"15-image-casual","call":2,"totalCalls":39,"time":"2026-09-16T07:48:21.078Z"}
{"case":"15-image-casual","done":true,"status":"completed","calls":2,"artifacts":1,"mediaAttempts":0,"reason":[null]}
{"case":"17-video-casual","call":1,"totalCalls":40,"time":"2026-09-16T07:48:23.234Z"}
{"case":"16-image-formal","call":2,"totalCalls":41,"time":"2026-09-16T07:48:23.252Z"}
{"case":"17-video-casual","call":2,"totalCalls":42,"time":"2026-09-16T07:48:25.860Z"}
{"case":"16-image-formal","done":true,"status":"completed","calls":2,"artifacts":1,"mediaAttempts":0,"reason":[null]}
{"case":"18-video-formal","call":1,"totalCalls":43,"time":"2026-09-16T07:48:27.724Z"}
{"case":"17-video-casual","done":true,"status":"completed","calls":2,"artifacts":1,"mediaAttempts":0,"reason":[null]}
{"case":"19-empty-casual","call":1,"totalCalls":44,"time":"2026-09-16T07:48:27.892Z"}
{"case":"19-empty-casual","done":true,"status":"needs_input","calls":1,"artifacts":0,"mediaAttempts":0,"reason":["用户指代的\"刚才第二个\"在本次提供的会话与参考证据中未出现，无法确定被修改的对象及其版本。"]}
{"case":"20-empty-formal","call":1,"totalCalls":45,"time":"2026-09-16T07:48:30.002Z"}
{"case":"18-video-formal","call":2,"totalCalls":46,"time":"2026-09-16T07:48:30.267Z"}
{"case":"18-video-formal","call":3,"totalCalls":47,"time":"2026-09-16T07:48:30.782Z"}
{"case":"20-empty-formal","done":true,"status":"blocked","calls":1,"artifacts":0,"mediaAttempts":0,"reason":["执行图缺少选定方向的前置生产节点，不能删除选择要求继续"]}
{"case":"18-video-formal","done":true,"status":"needs_input","calls":3,"artifacts":0,"mediaAttempts":0,"reason":["请确认已展示的具体方案"]}
