{"id":"price-concise-whole-0","call":1,"check":{"exactExpected":true,"semanticReview":"deterministic_requested_substitutions"}}
{"id":"price-concise-edits-0","call":2,"check":{"exactExpected":true,"semanticReview":"deterministic_requested_substitutions"}}
{"id":"price-concise-segments-0","call":3,"check":{"exactExpected":true,"semanticReview":"deterministic_requested_substitutions"}}
{"id":"price-explicit-whole-0","call":4,"check":{"exactExpected":true,"semanticReview":"deterministic_requested_substitutions"}}
{"id":"price-explicit-edits-0","call":5,"check":{"exactExpected":true,"semanticReview":"deterministic_requested_substitutions"}}
{"id":"price-explicit-segments-0","call":6,"check":{"exactExpected":true,"semanticReview":"deterministic_requested_substitutions"}}
{"id":"background-concise-whole-0","call":7,"check":{"exactExpected":true,"semanticReview":"deterministic_requested_substitutions"}}
{"id":"background-concise-edits-0","call":8,"check":{"exactExpected":false,"semanticReview":"deterministic_requested_substitutions"}}
{"id":"background-concise-segments-0","call":9,"check":{"exactExpected":true,"semanticReview":"deterministic_requested_substitutions"}}
{"id":"background-explicit-whole-0","call":10,"check":{"exactExpected":false,"semanticReview":"deterministic_requested_substitutions"}}
{"id":"background-explicit-edits-0","call":11,"check":{"exactExpected":true,"semanticReview":"deterministic_requested_substitutions"}}
{"id":"background-explicit-segments-0","call":12,"check":{"exactExpected":false,"semanticReview":"deterministic_requested_substitutions"}}
{"id":"repeated-concise-whole-0","call":13,"check":{"exactExpected":true,"semanticReview":"deterministic_requested_substitutions"}}
{"id":"repeated-concise-edits-0","call":14,"check":{"exactExpected":true,"semanticReview":"deterministic_requested_substitutions"}}
{"id":"repeated-concise-segments-0","call":15,"check":{"exactExpected":true,"semanticReview":"deterministic_requested_substitutions"}}
{"id":"repeated-explicit-whole-0","call":16,"check":{"exactExpected":true,"semanticReview":"deterministic_requested_substitutions"}}
{"id":"repeated-explicit-edits-0","call":17,"check":{"exactExpected":true,"semanticReview":"deterministic_requested_substitutions"}}
{"id":"repeated-explicit-segments-0","call":18,"check":{"exactExpected":true,"semanticReview":"deterministic_requested_substitutions"}}
{"id":"delete-concise-whole-0","call":19,"check":{"exactExpected":true,"semanticReview":"deterministic_requested_substitutions"}}
{"id":"delete-concise-edits-0","call":20,"check":{"exactExpected":true,"semanticReview":"deterministic_requested_substitutions"}}
{"id":"delete-concise-segments-0","call":21,"check":{"exactExpected":true,"semanticReview":"deterministic_requested_substitutions"}}
{"id":"delete-explicit-whole-0","call":22,"check":{"exactExpected":true,"semanticReview":"deterministic_requested_substitutions"}}
{"id":"delete-explicit-edits-0","call":23,"check":{"exactExpected":true,"semanticReview":"deterministic_requested_substitutions"}}
{"id":"delete-explicit-segments-0","call":24,"check":{"exactExpected":true,"semanticReview":"deterministic_requested_substitutions"}}
{"id":"two_places-concise-whole-0","call":25,"check":{"exactExpected":true,"semanticReview":"deterministic_requested_substitutions"}}
{"id":"two_places-concise-edits-0","call":26,"check":{"exactExpected":true,"semanticReview":"deterministic_requested_substitutions"}}
{"id":"two_places-concise-segments-0","call":27,"check":{"exactExpected":true,"semanticReview":"deterministic_requested_substitutions"}}
{"id":"two_places-explicit-whole-0","call":28,"check":{"exactExpected":true,"semanticReview":"deterministic_requested_substitutions"}}
{"id":"two_places-explicit-edits-0","call":29,"check":{"exactExpected":true,"semanticReview":"deterministic_requested_substitutions"}}
{"id":"two_places-explicit-segments-0","call":30,"check":{"exactExpected":true,"semanticReview":"deterministic_requested_substitutions"}}
{"id":"long-concise-whole-0","call":31,"check":{"exactExpected":true,"semanticReview":"deterministic_requested_substitutions"}}
{"id":"long-concise-edits-0","call":32,"check":{"exactExpected":true,"semanticReview":"deterministic_requested_substitutions"}}
{"id":"long-concise-segments-0","call":33,"check":{"exactExpected":true,"semanticReview":"deterministic_requested_substitutions"}}
{"id":"long-explicit-whole-0","call":34,"check":{"exactExpected":true,"semanticReview":"deterministic_requested_substitutions"}}
{"id":"long-explicit-edits-0","call":35,"check":{"exactExpected":true,"semanticReview":"deterministic_requested_substitutions"}}
{"id":"long-explicit-segments-0","call":36,"check":{"exactExpected":true,"semanticReview":"deterministic_requested_substitutions"}}
{"id":"tone-concise-whole-0","call":37,"check":{"outsidePreserved":true,"targetChanged":true,"semanticReview":"human_required_for_tone_and_facts"}}
{"id":"tone-concise-edits-0","call":38,"check":{"outsidePreserved":true,"targetChanged":true,"semanticReview":"human_required_for_tone_and_facts"}}
{"id":"tone-concise-segments-0","call":39,"check":{"outsidePreserved":true,"targetChanged":true,"semanticReview":"human_required_for_tone_and_facts"}}
{"id":"tone-explicit-whole-0","call":40,"check":{"outsidePreserved":true,"targetChanged":false,"semanticReview":"human_required_for_tone_and_facts"}}
{"id":"tone-explicit-edits-0","call":41,"check":{"outsidePreserved":true,"targetChanged":true,"semanticReview":"human_required_for_tone_and_facts"}}
{"id":"tone-explicit-segments-0","call":42,"check":{"outsidePreserved":true,"targetChanged":true,"semanticReview":"human_required_for_tone_and_facts"}}
{"id":"price-concise-segments-1","call":43,"check":{"exactExpected":true,"semanticReview":"deterministic_requested_substitutions"}}
{"id":"price-concise-edits-1","call":44,"check":{"exactExpected":true,"semanticReview":"deterministic_requested_substitutions"}}
{"id":"price-concise-whole-1","call":45,"check":{"exactExpected":true,"semanticReview":"deterministic_requested_substitutions"}}
{"id":"price-explicit-segments-1","call":46,"check":{"exactExpected":true,"semanticReview":"deterministic_requested_substitutions"}}
{"id":"price-explicit-edits-1","call":47,"check":{"exactExpected":true,"semanticReview":"deterministic_requested_substitutions"}}
{"id":"price-explicit-whole-1","call":48,"check":{"exactExpected":true,"semanticReview":"deterministic_requested_substitutions"}}
{"id":"background-concise-segments-1","call":49,"check":{"exactExpected":true,"semanticReview":"deterministic_requested_substitutions"}}
{"id":"background-concise-edits-1","call":50,"check":{"exactExpected":false,"semanticReview":"deterministic_requested_substitutions"}}
{"id":"background-concise-whole-1","call":51,"check":{"exactExpected":false,"semanticReview":"deterministic_requested_substitutions"}}
{"id":"background-explicit-segments-1","call":52,"check":{"exactExpected":false,"semanticReview":"deterministic_requested_substitutions"}}
{"id":"background-explicit-edits-1","call":53,"check":{"exactExpected":false,"semanticReview":"deterministic_requested_substitutions"}}
{"id":"background-explicit-whole-1","call":54,"check":{"exactExpected":false,"semanticReview":"deterministic_requested_substitutions"}}
{"id":"repeated-concise-segments-1","call":55,"check":{"exactExpected":true,"semanticReview":"deterministic_requested_substitutions"}}
{"id":"repeated-concise-edits-1","call":56,"check":{"exactExpected":true,"semanticReview":"deterministic_requested_substitutions"}}
{"id":"repeated-concise-whole-1","call":57,"check":{"exactExpected":true,"semanticReview":"deterministic_requested_substitutions"}}
{"id":"repeated-explicit-segments-1","call":58,"check":{"exactExpected":true,"semanticReview":"deterministic_requested_substitutions"}}
{"id":"repeated-explicit-edits-1","call":59,"check":{"exactExpected":true,"semanticReview":"deterministic_requested_substitutions"}}
{"id":"repeated-explicit-whole-1","call":60,"check":{"exactExpected":true,"semanticReview":"deterministic_requested_substitutions"}}
{"id":"delete-concise-segments-1","call":61,"check":{"exactExpected":true,"semanticReview":"deterministic_requested_substitutions"}}
{"id":"delete-concise-edits-1","call":62,"check":{"exactExpected":true,"semanticReview":"deterministic_requested_substitutions"}}
{"id":"delete-concise-whole-1","call":63,"check":{"exactExpected":true,"semanticReview":"deterministic_requested_substitutions"}}
{"id":"delete-explicit-segments-1","call":64,"check":{"exactExpected":true,"semanticReview":"deterministic_requested_substitutions"}}
{"id":"delete-explicit-edits-1","call":65,"check":{"exactExpected":true,"semanticReview":"deterministic_requested_substitutions"}}
{"id":"delete-explicit-whole-1","call":66,"check":{"exactExpected":true,"semanticReview":"deterministic_requested_substitutions"}}
{"id":"two_places-concise-segments-1","call":67,"check":{"exactExpected":true,"semanticReview":"deterministic_requested_substitutions"}}
{"id":"two_places-concise-edits-1","call":68,"check":{"exactExpected":true,"semanticReview":"deterministic_requested_substitutions"}}
{"id":"two_places-concise-whole-1","call":69,"check":{"exactExpected":true,"semanticReview":"deterministic_requested_substitutions"}}
{"id":"two_places-explicit-segments-1","call":70,"check":{"exactExpected":true,"semanticReview":"deterministic_requested_substitutions"}}
{"id":"two_places-explicit-edits-1","call":71,"check":{"exactExpected":true,"semanticReview":"deterministic_requested_substitutions"}}
{"id":"two_places-explicit-whole-1","call":72,"check":{"exactExpected":true,"semanticReview":"deterministic_requested_substitutions"}}
{"id":"long-concise-segments-1","call":73,"check":{"exactExpected":true,"semanticReview":"deterministic_requested_substitutions"}}
{"id":"long-concise-edits-1","call":74,"check":{"exactExpected":true,"semanticReview":"deterministic_requested_substitutions"}}
{"id":"long-concise-whole-1","call":75,"check":{"exactExpected":true,"semanticReview":"deterministic_requested_substitutions"}}
{"id":"long-explicit-segments-1","call":76,"check":{"exactExpected":true,"semanticReview":"deterministic_requested_substitutions"}}
{"id":"long-explicit-edits-1","call":77,"check":{"exactExpected":true,"semanticReview":"deterministic_requested_substitutions"}}
{"id":"long-explicit-whole-1","call":78,"check":{"exactExpected":true,"semanticReview":"deterministic_requested_substitutions"}}
{"id":"tone-concise-segments-1","call":79,"check":{"outsidePreserved":true,"targetChanged":true,"semanticReview":"human_required_for_tone_and_facts"}}
{"id":"tone-concise-edits-1","call":80,"check":{"outsidePreserved":true,"targetChanged":true,"semanticReview":"human_required_for_tone_and_facts"}}
{"id":"tone-concise-whole-1","call":81,"check":{"outsidePreserved":true,"targetChanged":true,"semanticReview":"human_required_for_tone_and_facts"}}
{"id":"tone-explicit-segments-1","call":82,"check":{"outsidePreserved":true,"targetChanged":true,"semanticReview":"human_required_for_tone_and_facts"}}
{"id":"tone-explicit-edits-1","call":83,"check":{"outsidePreserved":true,"targetChanged":true,"semanticReview":"human_required_for_tone_and_facts"}}
{"id":"tone-explicit-whole-1","call":84,"check":{"outsidePreserved":true,"targetChanged":false,"semanticReview":"human_required_for_tone_and_facts"}}
