
> doubao-creative-agent@0.3.0 test:context
> node --test tests/context-agent-*.test.mjs

✔ short attachment original reaches actual Agent input once with source identity; no persistence mutation (50.6381ms)
✔ attachment projection respects type, owner, version and complete body budget; no file fetching (0.6169ms)
✔ many small attachments share a total cap and never truncate originals or add authority (1.1458ms)
✔ full visible asset result removes repeated inline text; partial result does not hide necessary body (1.2043ms)
✔ new turn does not automatically inline prior attachments; all method identities remain available (4.9917ms)
✔ preparing proposals never submits even with live provider, and public schemas cannot inject approval (26.1263ms)
✔ context behavior: all original 23 cases, expected and fixed inputs retain their frozen hashes (0.6225ms)
✔ context behavior scripted: identical query branches on actual finished feedback (6.5523ms)
✔ context behavior scripted: identical query branches on actual processing feedback (4.1772ms)
✔ context behavior scripted: identical query branches on actual parameter_error feedback (2.5102ms)
✔ context behavior scripted: one direction and known facts can be delivered as text without creating media (63.9157ms)
✔ context behavior scripted: local edit retains the exact source image and creates a parent version after approval (36.7522ms)
✔ context behavior scripted: second direction consumes stored original text and product image without regenerating directions (31.8723ms)
✔ context behavior scripted: observation receives actual image identity plus material and unknown status (29.6817ms)
✔ context behavior scripted: across unrelated topics and a bounded model view the original version remains retrievable (24.5899ms)
✔ context behavior scripted: grouped independent reads return both call IDs for order a,b (21.6238ms)
✔ context behavior scripted: grouped independent reads return both call IDs for order b,a (27.9078ms)
✔ context behavior scripted: actual wire rejection is visible and model can correct arguments without replacing the user request (22.1962ms)
✔ context behavior scripted: original EDIT_001 driver preserves all queries and exposes real approval receipt before submitting (33.611ms)
✔ chat-only editing: complete original survives restart and supports a direct reply without tools or assets (196.0174ms)
✔ versioned editing: one atomic chat revision, then one asset revision, preserve actual parents across reloads (258.1908ms)
✔ context history stores original roles, text and detached record values without business state (3.3831ms)
✔ history persistence is owner scoped, append only, atomic and traversal resistant (53.4516ms)
✔ queued saves preserve the complete append order (31.7515ms)
✔ history search returns attributable raw snippets with time filters and no cross-session lookup (0.8952ms)
✔ history reading preserves source text and supports explicit character pagination (0.4132ms)
✔ context preserves roles and native function call/result identities in original order (1.2558ms)
✔ context keeps tool groups whole across declared group boundaries and keeps chronological order (0.4233ms)
✔ context trimming preserves latest user and complete latest tool feedback without rewriting history (0.8766ms)
✔ oversized tool feedback has an explicit source pointer and can be recovered with read_history (1.8433ms)
✔ latest user and tool arguments cannot be silently truncated to fit a budget (1.5803ms)
✔ incomplete historical tool groups are explicit omissions, never unmatched model protocol (0.2855ms)
✔ skill and asset metadata never become system instructions or replace original asset bodies (0.2464ms)
✔ budget includes tool definitions and reserved headroom with a conservative multilingual estimate (0.2257ms)
✔ uploaded attachment identities remain in the same user message projection and resolve actual assets (0.3015ms)
✔ trimmed Skill reads retain a precise pointer to their original method text (1.3704ms)
✔ runtime request traces stay available without duplicating original conversation search or crop notices (0.4631ms)
✔ only actual server approvals expose bounded identities while exact parameters stay stored (0.7862ms)
✔ public activity preserves pending, unknown and actual batch submission semantics (0.9309ms)
✔ question pauses with one paired result; partial answer persists across restart with zero model calls; complete answer resumes (244.0942ms)
✔ invalid answers, foreign interactions, sensitive forms and forged selections do not call models or media (31.465ms)
✔ free text answer is a new original user message, not a second tool result or media approval (22.7844ms)
✔ even a model misrouting a form answer into confirm_media cannot approve generation (24.547ms)
✔ workspace consumes server validated selection and registered mode; cannot fabricate provider health (12.9005ms)
✔ real public start precedes slow tool completion and paged replay contains no model payload (1.6428ms)
✔ HTTP recovery errors keep proper status; public events and client rendering ack do not create approval (174.0957ms)
✔ context loop: normal answer is one call with no understanding, planner or final composer (4.8433ms)
✔ context loop: independent calls return paired results before dependent next call (5.1606ms)
✔ context loop: malformed arguments and actionable tool errors return to same model (2.1944ms)
✔ context loop: truncated message never becomes successful delivery (1.7802ms)
✔ context loop: total step and tool budgets cannot be bypassed by endless calls (2.1165ms)
✔ context loop: cancellation closes tool protocol without starting further side effects (1.347ms)
✔ context loop: durable request replay after restart does not call model or tools again (86.1576ms)
✔ context loop: interrupted calls remain inspectable and are never automatically executed (1.1223ms)
✔ context recovery: provider receipt survives crash between submission and tool-result recording (0.867ms)
✔ context model budget: visual observation shares the same total model budget and exact trace (57.905ms)
✔ context loop: actual provider adapter wire preserves native call/result feedback (mock HTTP) (6.7946ms)
✔ context entry: separate HTTP serves UI and uses only context sessions; CSRF and model opt-in enforced (129.4705ms)
✔ context entry: actual HTTP roundtrip streams model response into durable new history (123.9173ms)
✔ context HTTP approval: displayed group authorizes exactly two calls; replay cannot duplicate submissions (216.5862ms)
✔ context architecture: new execution modules never import old business engine (4.2623ms)
✔ remeasurement cannot lower or drop valid same-turn requirements (146.0797ms)
✔ all-text message arrays can be archived and revised with the same exact source and range (25.2567ms)
✔ non-text message parts are never silently dropped to manufacture an original (19.5368ms)
✔ valid corrections satisfy earlier declarations and a new user turn may change scope (29.5478ms)
✔ measurement unit changes cannot evade prior constraints; bare diagnostics do not declare a requirement (40.5324ms)
✔ same-turn declarations survive a store reload (56.6636ms)
✔ repair: memory search excludes its own calls/results; exact identities remain readable (57.1703ms)
✔ repair: surrounding memory cannot reintroduce nested model requests or retrieval echoes (25.8717ms)
✔ repair: actual catalog projection removes fixed direction count without changing legacy catalog (29.1726ms)
✔ repair: long adapted methods page without losing original professional content (8.6709ms)
✔ repair: runtime capabilities come from tools, not video Skill names (51.9399ms)
✔ repair: model receives addressable original messages and saved version identity (22.8652ms)
✔ repair: save original chat exactly, then create a real child revision; repeat original archival reuses asset (18.3088ms)
✔ repair: original archival rejects invented messages, changed originals, invalid parent and empty input (14.5862ms)
✔ repair: archival and revision keep existing persistence rollback and call idempotency (23.0037ms)
✔ repair: observation reads explicitly selected material and does not expand to co-uploaded documents (20.1077ms)
✔ repair: image type error recovery uses explicit source/result comparison (19.652ms)
✔ repair: explicit dual images are deduplicated and impossible source cannot pass visual checking (15.7139ms)
✔ repair: model-supplied verified annotation cannot replace stored unknown or certify output (20.1896ms)
✔ repair: observer actual wire contains both images, identity pairs, original facts and uncertainty instructions (0.3838ms)
✔ repair scripted integration: model selects memory, archives original, saves revision and judges the returned version (19.7723ms)
✔ repair scripted integration: free creation can propose independent pictures without photos; no approval means no submission (14.5814ms)
✔ repair scripted integration: ordinary answer still ends immediately without a planner, save or second audit (9.2259ms)
✔ P1 methods: all enabled final method pages and references are direct versioned files without old execution protocols (150.8397ms)
✔ P1 directories: 0/100/200/300/1000 old assets cannot block a short new query and old objects remain searchable (64.0816ms)
✔ P1 approval directory: hundreds of full parameter receipts stay out of default context and remain accessible by ID (22.4628ms)
✔ P1 omitted Skill pointers are deduplicated and bounded without removing raw history (33.0236ms)
✔ P1 shared assembly: explicit vision flag controls actual input_image wire; provider calls share runtime budget wrapper (47.078ms)
✔ P2 observation: single image OCR does not load a missing parent or unrelated source (20.0076ms)
✔ P2 observation: stored material size is budgeted before provider I/O; explicit source excerpt is attributable (15.4108ms)
✔ P2 document: one call archives exact chat original and revision atomically, including rollback and replay (16.0864ms)
✔ P2 approved execution: identifiers restore exact parameters; extra args, altered digest and changed mode fail closed (29.5157ms)
✔ P2 storage: full trace is separate; append payload does not rewrite old history, trace or asset body (57.6473ms)
✔ P2 storage: legacy JSON migrates without removal; stale object-only updates and history rewrites are blocked (37.2162ms)
✔ P2 storage: paid submission persists inflight before provider and survives restart without duplication (41.5685ms)
✔ P2 dependencies: context runtime avoids legacy contract loaders and unused batch execution entry (1.1263ms)
✔ P1 evaluation: model, vision and paid media authorization gates reject before provider setup (300.2739ms)
✔ A exact source selection rejects wrong ID and excludes wrappers without deleting original history (53.156ms)
✔ A excerpts have distinct identity, reuse matching original, retain full-message archival compatibility (25.732ms)
✔ A original evidence and versions survive SQLite restart and repeated calls (59.4141ms)
✔ B oversized summary gets smaller explicit byte target, shared envelope budget and actual asset evidence (4.3605ms)
✔ B repeated oversize remains bounded, preserves source and does not retry same range without new information (1.5642ms)
✔ B non-budget faults do not spend another summary call or change coverage (1.7559ms)
✔ C full delivery covers all items and body counting cannot include the title (16.9442ms)
✔ C measured draft changed by final extra option is withheld and repaired by same Agent within budget (26.6405ms)
✔ C failed requirements cannot be finalized, even if exact draft is repeated or a later bare measurement succeeds (27.0045ms)
✔ C remeasurement of fixed draft passes; constraints do not leak into another turn (43.3237ms)
✔ C invalid measurement cannot silently remove declared constraints (24.267ms)
✔ SSE decoder survives byte fragmentation, exposes only public text and waits for full completed output (19.6666ms)
✔ truncated argument stream cannot execute a tool; partial text is marked incomplete (58.8411ms)
✔ both adapters require declared streaming capability and callback; JSON summaries remain nonstreaming (4.0564ms)
✔ failed/incomplete and wrong content-type streams fail closed (0.7968ms)
✔ stream previews settle when completed response lacks text; invalid output is not a successful model activity (47.7105ms)
✔ context tools register real capabilities only; simulation is explicit (76.3452ms)
✔ media always prepares exact proposal before any provider call (18.7568ms)
✔ simulation also needs approval and never fabricates a real URL or observation (23.0622ms)
✔ changed parameters, changed tool and mode cannot reuse approval (39.6203ms)
✔ owner and session isolation prevents approval, source, and receipt reuse (17.7347ms)
✔ chat assertions cannot create authorization and unknown fields are rejected (15.9227ms)
✔ same proposal is submitted once across new callIds, approvalIds and concurrent retries (18.6442ms)
✔ identical prompt with new call identity can legitimately create another image (31.1599ms)
✔ all proposals in a tool batch can be approved as one concrete group (29.3542ms)
✔ durable inflight receipt precedes provider I/O; unknown response cannot resubmit (14.2354ms)
✔ restart with inflight receipt does not resubmit and surfaces unknown (14.5003ms)
✔ known provider rejection reports unsubmitted but does not loop same call (11.9621ms)
✔ media budget and cancellation are checked immediately before submission (10.5761ms)
✔ cancellation during save prevents provider I/O (10.8073ms)
✔ save failure before submission prevents I/O and after I/O reports uncertainty (11.2307ms)
✔ video receipt polling queries exact existing receipt and stores final file once (10.6843ms)
✔ query unavailable or failed is not a successful media delivery (11.7362ms)
✔ edit preserves exact image parent and source lineage; image generation has no fake parent (14.325ms)
✔ wrong object type and foreign source IDs are blocked before proposal (11.7522ms)
✔ observation receives real images, original materials and explicit unknown identity (15.4239ms)
✔ observation source original overrides model annotations without inventing verification (14.0288ms)
✔ image observer sends real image inputs and no tools to its adapter (0.3053ms)
✔ observation uses runtime model budget and trace wrapper when supplied (12.3346ms)
✔ document saves are immutable, versioned, source bound and retry safe (12.2557ms)
✔ measurement uses exact supplied body and read_skill does not leak old task contract (20.4924ms)
✔ history search and pagination recover actual original text and runtime trace (11.6646ms)
✔ unexpected extra provider images preserve receipt evidence without false one-image success (9.8369ms)
✔ uncertain submission with a provider receipt can be queried without resubmission (9.7181ms)
✔ baseline proposal presentation is recovered only from its matched real tool result (65.4358ms)
✔ T01/T02 single-call feedback rejects every unexpected call before side effects and repairs next decision (8.9666ms)
✔ T01 outcome projection preserves receipt, critical error, source and simulation under truncation (0.3819ms)
✔ T05/T06/T07 automatic pre-trim summary is bounded, persisted and retains exact early originals after restart (204.5489ms)
✔ T05 short conversation and reserved model quota never pay for summary (38.0633ms)
✔ T08 summary invalid_reference preserves all originals and does not advance coverage (25.157ms)
✔ T08 summary timeout preserves all originals and does not advance coverage (18.7266ms)
✔ T08 summary oversize preserves all originals and does not advance coverage (18.0202ms)
✔ T08 summary save preserves all originals and does not advance coverage (18.0111ms)
✔ T09 stable early cursor and total neighbor budget keep exact original accessible (12.7597ms)
✔ T11 current-user confirmation is IDs-only; forged authority and old-message source cannot approve (13.896ms)
✔ T11 negative/quoted/conditional/ambiguous confirmations permit clarification without side effects (scripted) (63.4387ms)
✔ T12 frozen proposals reject changed source version, provider model and superseded old selection (19.3443ms)
✔ T13/T14 batch failed stops unsubmitted members and repeated channels do not resubmit (45.3769ms)
✔ T13/T14 batch unknown stops unsubmitted members and repeated channels do not resubmit (44.4462ms)
✔ T13/T14 batch cancelled stops unsubmitted members and repeated channels do not resubmit (41.7715ms)
✔ T13/T14 batch budget stops unsubmitted members and repeated channels do not resubmit (43.4055ms)
✔ T15/T16/T18 related hints do not consume materials; explicit comparison and frozen product image reach actual mock requests (13.3237ms)
✔ T10/T19 button submits before any Agent call; reply failure still exposes durable assets and observations (158.6775ms)
✔ T20 same budget meters summary, vision and main model; provider call policy only uses declared capability (19.5793ms)
✔ T05/T08 summaries preserve interleaved tool groups and respect one summary quota across the whole turn (20.2954ms)
✔ T17 all active methods retain substantive professional concepts, examples and license references (47.9862ms)
ℹ tests 164
ℹ suites 0
ℹ pass 164
ℹ fail 0
ℹ cancelled 0
ℹ skipped 0
ℹ todo 0
ℹ duration_ms 1209.3277
