✔ short attachment original reaches actual Agent input once with source identity; no persistence mutation (42.3043ms)
✔ attachment projection respects type, owner, version and complete body budget; no file fetching (0.6494ms)
✔ many small attachments share a total cap and never truncate originals or add authority (0.9839ms)
✔ full visible asset result removes repeated inline text; partial result does not hide necessary body (0.7382ms)
✔ new turn does not automatically inline prior attachments; all method identities remain available (3.6873ms)
✔ preparing proposals never submits even with live provider, and public schemas cannot inject approval (20.6025ms)
✔ context behavior: all original 23 cases, expected and fixed inputs retain their frozen hashes (0.5993ms)
✔ context behavior scripted: identical query branches on actual finished feedback (4.729ms)
✔ context behavior scripted: identical query branches on actual processing feedback (1.3626ms)
✔ context behavior scripted: identical query branches on actual parameter_error feedback (1.9088ms)
✔ context behavior scripted: one direction and known facts can be delivered as text without creating media (45.4714ms)
✔ context behavior scripted: local edit retains the exact source image and creates a parent version after approval (29.6071ms)
✔ context behavior scripted: second direction consumes stored original text and product image without regenerating directions (17.4169ms)
✔ context behavior scripted: observation receives actual image identity plus material and unknown status (20.6697ms)
✔ context behavior scripted: across unrelated topics and a bounded model view the original version remains retrievable (18.5457ms)
✔ context behavior scripted: grouped independent reads return both call IDs for order a,b (15.6984ms)
✔ context behavior scripted: grouped independent reads return both call IDs for order b,a (15.5996ms)
✔ context behavior scripted: actual wire rejection is visible and model can correct arguments without replacing the user request (14.0018ms)
✔ context behavior scripted: original EDIT_001 driver preserves all queries and exposes real approval receipt before submitting (23.2209ms)
✔ chat-only editing: complete original survives restart and supports a direct reply without tools or assets (124.8261ms)
✔ versioned editing: one atomic chat revision, then one asset revision, preserve actual parents across reloads (142.2336ms)
✔ context history stores original roles, text and detached record values without business state (2.5016ms)
✔ history persistence is owner scoped, append only, atomic and traversal resistant (44.5145ms)
✔ queued saves preserve the complete append order (26.5541ms)
✔ history search returns attributable raw snippets with time filters and no cross-session lookup (1.5176ms)
✔ history reading preserves source text and supports explicit character pagination (0.8279ms)
✔ context preserves roles and native function call/result identities in original order (2.3829ms)
✔ context keeps tool groups whole across declared group boundaries and keeps chronological order (0.8827ms)
✔ context trimming preserves latest user and complete latest tool feedback without rewriting history (1.5171ms)
✔ oversized tool feedback has an explicit source pointer and can be recovered with read_history (2.4595ms)
✔ latest user and tool arguments cannot be silently truncated to fit a budget (1.2388ms)
✔ incomplete historical tool groups are explicit omissions, never unmatched model protocol (0.3509ms)
✔ skill and asset metadata never become system instructions or replace original asset bodies (0.2689ms)
✔ budget includes tool definitions and reserved headroom with a conservative multilingual estimate (0.2398ms)
✔ uploaded attachment identities remain in the same user message projection and resolve actual assets (0.3149ms)
✔ trimmed Skill reads retain a precise pointer to their original method text (0.8138ms)
✔ runtime request traces stay available without duplicating original conversation search or crop notices (0.3681ms)
✔ only actual server approvals expose bounded identities while exact parameters stay stored (0.849ms)
✔ context loop: normal answer is one call with no understanding, planner or final composer (4.0045ms)
✔ context loop: independent calls return paired results before dependent next call (2.6332ms)
✔ context loop: malformed arguments and actionable tool errors return to same model (0.806ms)
✔ context loop: truncated message never becomes successful delivery (0.9891ms)
✔ context loop: total step and tool budgets cannot be bypassed by endless calls (1.0294ms)
✔ context loop: cancellation closes tool protocol without starting further side effects (0.6606ms)
✔ context loop: durable request replay after restart does not call model or tools again (52.1924ms)
✔ context loop: interrupted calls remain inspectable and are never automatically executed (1.3642ms)
✔ context recovery: provider receipt survives crash between submission and tool-result recording (0.6134ms)
✔ context model budget: visual observation shares the same total model budget and exact trace (42.2262ms)
✔ context loop: actual provider adapter wire preserves native call/result feedback (mock HTTP) (3.9204ms)
✔ context entry: separate HTTP serves UI and uses only context sessions; CSRF and model opt-in enforced (95.1316ms)
✔ context entry: actual HTTP roundtrip streams model response into durable new history (105.9372ms)
✔ context HTTP approval: displayed group authorizes exactly two calls; replay cannot duplicate submissions (172.5578ms)
✔ context architecture: new execution modules never import old business engine (3.6988ms)
✔ repair: memory search excludes its own calls/results; exact identities remain readable (51.0939ms)
✔ repair: surrounding memory cannot reintroduce nested model requests or retrieval echoes (19.7755ms)
✔ repair: actual catalog projection removes fixed direction count without changing legacy catalog (19.2815ms)
✔ repair: long adapted methods page without losing original professional content (7.4034ms)
✔ repair: runtime capabilities come from tools, not video Skill names (35.0489ms)
✔ repair: model receives addressable original messages and saved version identity (11.7344ms)
✔ repair: save original chat exactly, then create a real child revision; repeat original archival reuses asset (13.904ms)
✔ repair: original archival rejects invented messages, changed originals, invalid parent and empty input (12.7536ms)
✔ repair: archival and revision keep existing persistence rollback and call idempotency (17.9038ms)
✔ repair: observation reads explicitly selected material and does not expand to co-uploaded documents (16.467ms)
✔ repair: image type error recovery uses explicit source/result comparison (12.5964ms)
✔ repair: explicit dual images are deduplicated and impossible source cannot pass visual checking (12.4567ms)
✔ repair: model-supplied verified annotation cannot replace stored unknown or certify output (10.9063ms)
✔ repair: observer actual wire contains both images, identity pairs, original facts and uncertainty instructions (0.3838ms)
✔ repair scripted integration: model selects memory, archives original, saves revision and judges the returned version (12.7786ms)
✔ repair scripted integration: free creation can propose independent pictures without photos; no approval means no submission (11.2589ms)
✔ repair scripted integration: ordinary answer still ends immediately without a planner, save or second audit (6.8834ms)
✔ P1 methods: all enabled final method pages and references are direct versioned files without old execution protocols (133.0564ms)
✔ P1 directories: 0/100/200/300/1000 old assets cannot block a short new query and old objects remain searchable (47.8376ms)
✔ P1 approval directory: hundreds of full parameter receipts stay out of default context and remain accessible by ID (16.3238ms)
✔ P1 omitted Skill pointers are deduplicated and bounded without removing raw history (24.1154ms)
✔ P1 shared assembly: explicit vision flag controls actual input_image wire; provider calls share runtime budget wrapper (37.5184ms)
✔ P2 observation: single image OCR does not load a missing parent or unrelated source (15.0612ms)
✔ P2 observation: stored material size is budgeted before provider I/O; explicit source excerpt is attributable (13.8299ms)
✔ P2 document: one call archives exact chat original and revision atomically, including rollback and replay (11.3826ms)
✔ P2 approved execution: identifiers restore exact parameters; extra args, altered digest and changed mode fail closed (23.4634ms)
✔ P2 storage: full trace is separate; append payload does not rewrite old history, trace or asset body (55.0506ms)
✔ P2 storage: legacy JSON migrates without removal; stale object-only updates and history rewrites are blocked (38.1169ms)
✔ P2 storage: paid submission persists inflight before provider and survives restart without duplication (37.2835ms)
✔ P2 dependencies: context runtime avoids legacy contract loaders and unused batch execution entry (0.9514ms)
✔ P1 evaluation: model, vision and paid media authorization gates reject before provider setup (293.1525ms)
✔ context tools register real capabilities only; simulation is explicit (61.8807ms)
✔ media always prepares exact proposal before any provider call (14.7277ms)
✔ simulation also needs approval and never fabricates a real URL or observation (14.8029ms)
✔ changed parameters, changed tool and mode cannot reuse approval (28.0058ms)
✔ owner and session isolation prevents approval, source, and receipt reuse (15.1806ms)
✔ chat assertions cannot create authorization and unknown fields are rejected (11.4925ms)
✔ same proposal is submitted once across new callIds, approvalIds and concurrent retries (19.23ms)
✔ identical prompt with new call identity can legitimately create another image (19.1061ms)
✔ all proposals in a tool batch can be approved as one concrete group (19.3282ms)
✔ durable inflight receipt precedes provider I/O; unknown response cannot resubmit (22.7091ms)
✔ restart with inflight receipt does not resubmit and surfaces unknown (11.8152ms)
✔ known provider rejection reports unsubmitted but does not loop same call (8.272ms)
✔ media budget and cancellation are checked immediately before submission (9.8681ms)
✔ cancellation during save prevents provider I/O (9.9491ms)
✔ save failure before submission prevents I/O and after I/O reports uncertainty (7.7623ms)
✔ video receipt polling queries exact existing receipt and stores final file once (9.0586ms)
✔ query unavailable or failed is not a successful media delivery (6.7836ms)
✔ edit preserves exact image parent and source lineage; image generation has no fake parent (8.3735ms)
✔ wrong object type and foreign source IDs are blocked before proposal (8.6178ms)
✔ observation receives real images, original materials and explicit unknown identity (13.1103ms)
✔ observation source original overrides model annotations without inventing verification (11.2853ms)
✔ image observer sends real image inputs and no tools to its adapter (0.2903ms)
✔ observation uses runtime model budget and trace wrapper when supplied (11.7315ms)
✔ document saves are immutable, versioned, source bound and retry safe (9.3108ms)
✔ measurement uses exact supplied body and read_skill does not leak old task contract (16.9817ms)
✔ history search and pagination recover actual original text and runtime trace (11.3314ms)
✔ unexpected extra provider images preserve receipt evidence without false one-image success (7.0474ms)
✔ uncertain submission with a provider receipt can be queried without resubmission (7.397ms)
✔ baseline proposal presentation is recovered only from its matched real tool result (42.6432ms)
✔ T01/T02 single-call feedback rejects every unexpected call before side effects and repairs next decision (3.7578ms)
✔ T01 outcome projection preserves receipt, critical error, source and simulation under truncation (0.192ms)
✔ T05/T06/T07 automatic pre-trim summary is bounded, persisted and retains exact early originals after restart (119.0533ms)
✔ T05 short conversation and reserved model quota never pay for summary (32.3213ms)
✔ T08 summary invalid_reference preserves all originals and does not advance coverage (15.4495ms)
✔ T08 summary timeout preserves all originals and does not advance coverage (15.5292ms)
✔ T08 summary oversize preserves all originals and does not advance coverage (15.3409ms)
✔ T08 summary save preserves all originals and does not advance coverage (15.0926ms)
✔ T09 stable early cursor and total neighbor budget keep exact original accessible (13.1184ms)
✔ T11 current-user confirmation is IDs-only; forged authority and old-message source cannot approve (14.1423ms)
✔ T11 negative/quoted/conditional/ambiguous confirmations permit clarification without side effects (scripted) (51.0164ms)
✔ T12 frozen proposals reject changed source version, provider model and superseded old selection (16.7232ms)
✔ T13/T14 batch failed stops unsubmitted members and repeated channels do not resubmit (47.4901ms)
✔ T13/T14 batch unknown stops unsubmitted members and repeated channels do not resubmit (43.652ms)
✔ T13/T14 batch cancelled stops unsubmitted members and repeated channels do not resubmit (42.9528ms)
✔ T13/T14 batch budget stops unsubmitted members and repeated channels do not resubmit (39.6357ms)
✔ T15/T16/T18 related hints do not consume materials; explicit comparison and frozen product image reach actual mock requests (11.7015ms)
✔ T10/T19 button submits before any Agent call; reply failure still exposes durable assets and observations (107.5486ms)
✔ T20 same budget meters summary, vision and main model; provider call policy only uses declared capability (15.7806ms)
✔ T05/T08 summaries preserve interleaved tool groups and respect one summary quota across the whole turn (14.8243ms)
✔ T17 all active methods retain substantive professional concepts, examples and license references (48.7324ms)
ℹ tests 134
ℹ suites 0
ℹ pass 134
ℹ fail 0
ℹ cancelled 0
ℹ skipped 0
ℹ todo 0
ℹ duration_ms 932.2092
